<?xml version="1.0" encoding="utf-8"?><testsuites><testsuite name="pytest" errors="0" failures="0" skipped="0" tests="1" time="0.768" timestamp="2024-02-26T17:24:16.853150" hostname="jtp00121"><testcase classname="tests.test_login" name="test_login_success_reqres" file="tests/test_login.py" line="2" time="0.682" /></testsuite></testsuites>